{
   "test_attribute_1": "foo",
   "test_attribute_2": "foo",
   "wiible": "foo"
}