name: extensions_test
id: http://example.org/tests/issue167
prefixes:
  xsd:
    prefix_prefix: xsd
    prefix_reference: http://www.w3.org/2001/XMLSchema#
default_prefix: http://example.org/tests/issue167/
default_range: string
subsets:
  random:
    name: random
    definition_uri: http://example.org/tests/issue167/Random
    extensions:
      http://example.org/c2:
        tag: http://example.org/c2
        value: test2
      EX:foo2:
        tag: EX:foo2
        value: bar2
    description: A random subset
    from_schema: http://example.org/tests/issue167
types:
  string:
    name: string
    definition_uri: http://example.org/tests/issue167/String
    extensions:
      http://example.org/c1:
        tag: http://example.org/c1
        value: test1
      EX:foo1:
        tag: EX:foo1
        value: bar1
    from_schema: http://example.org/tests/issue167
    base: str
    uri: xsd:string
  integer:
    name: integer
    definition_uri: http://example.org/tests/issue167/Integer
    from_schema: http://example.org/tests/issue167
    base: int
    uri: xsd:int
slots:
  sa:
    name: sa
    definition_uri: http://example.org/tests/issue167/sa
    from_schema: http://example.org/tests/issue167
    slot_uri: http://example.org/tests/issue167/sa
    owner: c1
    domain_of:
    - c1
    range: string
  sb:
    name: sb
    definition_uri: http://example.org/tests/issue167/sb
    extensions:
      http://example.org/c4:
        tag: http://example.org/c4
        value: test4
        extensions:
          http://semantics.r.us/c1:
            tag: http://semantics.r.us/c1
            value: 143
    from_schema: http://example.org/tests/issue167
    slot_uri: http://example.org/tests/issue167/sb
    owner: c2
    domain_of:
    - c1
    - c2
    range: integer
classes:
  c1:
    name: c1
    definition_uri: http://example.org/tests/issue167/C1
    extensions:
      http://example.org/c3:
        tag: http://example.org/c3
        value: test3
      EX:foo3:
        tag: EX:foo3
        value: bar3
    from_schema: http://example.org/tests/issue167
    slots:
    - sa
    - sb
    class_uri: http://example.org/tests/issue167/C1
    tree_root: true
  c2:
    name: c2
    definition_uri: http://example.org/tests/issue167/C2
    from_schema: http://example.org/tests/issue167
    slots:
    - sb
    class_uri: http://example.org/tests/issue167/C2
metamodel_version: 1.7.0
source_file: issue_167.yaml
source_file_date: '2000-01-01T00:00:00'
source_file_size: 1
generation_date: '2000-01-01T00:00:00'
