{
   "id": "http://example.org/person/17",
   "name": "Fred Jones",
   "age": 43
}