{
   "comments": {
      "description": "Auto generated by LinkML jsonld context generator",
      "generation_date": "2000-01-01T00:00:00",
      "source": "issue_344.yaml"
   },
   "@context": {
      "xsd": "http://www.w3.org/2001/XMLSchema#",
      "GO": {
         "@id": "http://purl.obolibrary.org/obo/GO_",
         "@prefix": true
      },
      "PATO": {
         "@id": "http://purl.obolibrary.org/obo/PATO_",
         "@prefix": true
      },
      "PCO": {
         "@id": "http://purl.obolibrary.org/obo/PCO_",
         "@prefix": true
      },
      "ex": "http://example.org/",
      "linkml": "https://w3id.org/linkml/",
      "@vocab": "http://example.org/",
      "MyClass": {
         "@id": "MyClass"
      }
   }
}
