id,mappings,description
Person,,"A person, living or dead"

