id,mappings,description
Event,,
Person,,"A person, living or dead"

