# metamodel_version: 1.7.0id: Company
schema_generating: true
display_name: Company
document_category: Company
weight: 20
fields:
- id: id
  display_name: id
- id: name
  display_name: name
- id: aliases
  display_name: hasAliases__aliases
  cardinality: multi
- id: ceo
  display_name: company__ceo
