# metamodel_version: 1.7.0id: Concept
schema_generating: true
display_name: Concept
document_category: Concept
weight: 20
fields:
- id: id
  display_name: id
- id: name
  display_name: name
- id: in_code_system
  display_name: in code system
