# metamodel_version: 1.7.0# version: 2.0.0id: local_name
schema_generating: true
description: an attributed label
display_name: local_name
document_category: local_name
weight: 20
fields:
- id: local_name_source
  description: the ncname of the source of the name
  display_name: local_name_source
- id: local_name_value
  description: a name assigned to an element in a given ontology
  display_name: local_name_value
