# metamodel_version: 1.7.0id: schema_definition
schema_generating: true
description: A collection of definitions that make up a schema or a data model.
display_name: schema_definition
document_category: schema_definition
weight: 20
fields:
- id: id_prefixes
  description: An allowed list of prefixes for which identifiers must conform. The
    identifier of this class or slot must begin with the URIs referenced by this prefix
  display_name: id_prefixes
  cardinality: multi
- id: id_prefixes_are_closed
  description: If true, then the id_prefixes slot is treated as being closed, and
    any use of an id that does not have this prefix is considered a violation.
  display_name: id_prefixes_are_closed
- id: definition_uri
  description: The native URI of the element. This is always within the namespace
    of the containing schema. Contrast with the assigned URI, via class_uri or slot_uri
  display_name: definition_uri
- id: local_names
  display_name: local_names
  cardinality: multi
- id: conforms_to
  description: An established standard to which the element conforms.
  display_name: conforms_to
- id: implements
  description: An element in another schema which this element conforms to. The referenced
    element is not imported into the schema for the implementing element. However,
    the referenced schema may be used to check conformance of the implementing element.
  display_name: implements
  cardinality: multi
- id: instantiates
  description: An element in another schema which this element instantiates.
  display_name: instantiates
  cardinality: multi
- id: extensions
  description: a tag/text tuple attached to an arbitrary element
  display_name: extensions
  cardinality: multi
- id: annotations
  description: a collection of tag/text tuples with the semantics of OWL Annotation
  display_name: annotations
  cardinality: multi
- id: description
  description: a textual description of the element's purpose and use
  display_name: description
- id: alt_descriptions
  description: A sourced alternative description for an element
  display_name: alt_descriptions
  cardinality: multi
- id: title
  description: A concise human-readable display label for the element. The title should
    mirror the name, and should use ordinary textual punctuation.
  display_name: title
- id: deprecated
  description: Description of why and when this element will no longer be used
  display_name: deprecated
- id: todos
  description: Outstanding issues that needs resolution
  display_name: todos
  cardinality: multi
- id: notes
  description: editorial notes about an element intended primarily for internal consumption
  display_name: notes
  cardinality: multi
- id: comments
  description: notes and comments about an element intended primarily for external
    consumption
  display_name: comments
  cardinality: multi
- id: examples
  description: example usages of an element
  display_name: examples
  cardinality: multi
- id: in_subset
  description: used to indicate membership of a term in a defined subset of terms
    used for a particular domain or application.
  display_name: in_subset
  cardinality: multi
- id: from_schema
  description: id of the schema that defined the element
  display_name: from_schema
- id: imported_from
  description: the imports entry that this element was derived from.  Empty means
    primary source
  display_name: imported_from
- id: source
  description: A related resource from which the element is derived.
  display_name: source
- id: in_language
  description: the primary language used in the sources
  display_name: in_language
- id: see_also
  description: A list of related entities or URLs that may be of relevance
  display_name: see_also
  cardinality: multi
- id: deprecated_element_has_exact_replacement
  description: When an element is deprecated, it can be automatically replaced by
    this uri or curie
  display_name: deprecated element has exact replacement
- id: deprecated_element_has_possible_replacement
  description: When an element is deprecated, it can be potentially replaced by this
    uri or curie
  display_name: deprecated element has possible replacement
- id: aliases
  description: Alternate names/labels for the element. These do not alter the semantics
    of the schema, but may be useful to support search and alignment.
  display_name: aliases
  cardinality: multi
- id: structured_aliases
  description: A list of structured_alias objects, used to provide aliases in conjunction
    with additional metadata.
  display_name: structured_aliases
  cardinality: multi
- id: mappings
  description: A list of terms from different schemas or terminology systems that
    have comparable meaning. These may include terms that are precisely equivalent,
    broader or narrower in meaning, or otherwise semantically related but not equivalent
    from a strict ontological perspective.
  display_name: mappings
  cardinality: multi
- id: exact_mappings
  description: A list of terms from different schemas or terminology systems that
    have identical meaning.
  display_name: exact mappings
  cardinality: multi
- id: close_mappings
  description: A list of terms from different schemas or terminology systems that
    have close meaning.
  display_name: close mappings
  cardinality: multi
- id: related_mappings
  description: A list of terms from different schemas or terminology systems that
    have related meaning.
  display_name: related mappings
  cardinality: multi
- id: narrow_mappings
  description: A list of terms from different schemas or terminology systems that
    have narrower meaning.
  display_name: narrow mappings
  cardinality: multi
- id: broad_mappings
  description: A list of terms from different schemas or terminology systems that
    have broader meaning.
  display_name: broad mappings
  cardinality: multi
- id: created_by
  description: agent that created the element
  display_name: created_by
- id: contributors
  description: agent that contributed to the element
  display_name: contributors
  cardinality: multi
- id: created_on
  description: time at which the element was created
  display_name: created_on
- id: last_updated_on
  description: time at which the element was last updated
  display_name: last_updated_on
- id: modified_by
  description: agent that modified the element
  display_name: modified_by
- id: status
  description: status of the element
  display_name: status
- id: rank
  description: the relative order in which the element occurs, lower values are given
    precedence
  display_name: rank
- id: categories
  description: Controlled terms used to categorize an element.
  display_name: categories
  cardinality: multi
- id: keywords
  description: Keywords or tags used to describe the element
  display_name: keywords
  cardinality: multi
- id: id
  description: The official schema URI
  display_name: id
- id: version
  description: particular version of schema
  display_name: version
- id: imports
  description: A list of schemas that are to be included in this schema
  display_name: imports
  cardinality: multi
- id: license
  description: license for the schema
  display_name: license
- id: prefixes
  description: A collection of prefix expansions that specify how CURIEs can be expanded
    to URIs
  display_name: prefixes
  cardinality: multi
- id: emit_prefixes
  description: a list of Curie prefixes that are used in the representation of instances
    of the model.  All prefixes in this list are added to the prefix sections of the
    target models.
  display_name: emit_prefixes
  cardinality: multi
- id: default_curi_maps
  description: ordered list of prefixcommon biocontexts to be fetched to resolve id
    prefixes and inline prefix variables
  display_name: default_curi_maps
  cardinality: multi
- id: default_prefix
  description: The prefix that is used for all elements within a schema
  display_name: default_prefix
- id: default_range
  description: default slot range to be used if range element is omitted from a slot
    definition
  display_name: default_range
- id: subsets
  description: An index to the collection of all subset definitions in the schema
  display_name: subsets
  cardinality: multi
- id: types
  description: An index to the collection of all type definitions in the schema
  display_name: types
  cardinality: multi
- id: enums
  description: An index to the collection of all enum definitions in the schema
  display_name: enums
  cardinality: multi
- id: slots
  description: An index to the collection of all slot definitions in the schema
  display_name: slot_definitions
  cardinality: multi
- id: classes
  description: An index to the collection of all class definitions in the schema
  display_name: classes
  cardinality: multi
- id: metamodel_version
  description: Version of the metamodel used to load the schema
  display_name: metamodel_version
- id: source_file
  description: name, uri or description of the source of the schema
  display_name: source_file
- id: source_file_date
  description: modification date of the source of the schema
  display_name: source_file_date
- id: source_file_size
  description: size in bytes of the source of the schema
  display_name: source_file_size
- id: generation_date
  description: date and time that the schema was loaded/generated
  display_name: generation_date
- id: slot_names_unique
  description: if true then induced/mangled slot names are not created for class_usage
    and attributes
  display_name: slot_names_unique
- id: settings
  description: A collection of global variable settings
  display_name: settings
  cardinality: multi
- id: name
  description: a unique name for the schema that is both human-readable and consists
    of only characters from the NCName set
  display_name: schema_definition_name
