# metamodel_version: 1.7.0id: Sub_sub_class_2
schema_generating: true
display_name: Sub sub class 2
document_category: Sub sub class 2
weight: 20
fields:
- id: slot_with_space_1
  display_name: classWithSpaces__slot_with_space_1
- id: slot_with_space_2
  display_name: subclassTest__slot_with_space_2
