# metamodel_version: 1.7.0# version: 2.0.0id: type_definition
schema_generating: true
description: an element that whose instances are atomic scalar values that can be
  mapped to primitive types
display_name: type_definition
document_category: type_definition
weight: 20
fields:
- id: name
  description: the unique name of the element within the context of the schema.  Name
    is combined with the default prefix to form the globally unique subject of the
    target class.
  display_name: name
- id: id_prefixes
  description: An allowed list of prefixes for which identifiers must conform. The
    identifier of this class or slot must begin with the URIs referenced by this prefix
  display_name: id_prefixes
  cardinality: multi
- id: definition_uri
  description: The native URI of the element. This is always within the namespace
    of the containing schema. Contrast with the assigned URI, via class_uri or slot_uri
  display_name: definition_uri
- id: local_names
  display_name: local_names
  cardinality: multi
- id: conforms_to
  description: An established standard to which the element conforms.
  display_name: conforms_to
- id: implements
  description: An element in another schema which this element conforms to. The referenced
    element is not imported into the schema for the implementing element. However,
    the referenced schema may be used to check conformance of the implementing element.
  display_name: implements
  cardinality: multi
- id: instantiates
  description: An element in another schema which this element instantiates.
  display_name: instantiates
  cardinality: multi
- id: extensions
  description: a tag/text tuple attached to an arbitrary element
  display_name: extensions
  cardinality: multi
- id: annotations
  description: a collection of tag/text tuples with the semantics of OWL Annotation
  display_name: annotations
  cardinality: multi
- id: description
  description: a textual description of the element's purpose and use
  display_name: description
- id: alt_descriptions
  description: A sourced alternative description for an element
  display_name: alt_descriptions
  cardinality: multi
- id: title
  description: A concise human-readable display label for the element. The title should
    mirror the name, and should use ordinary textual punctuation.
  display_name: title
- id: deprecated
  description: Description of why and when this element will no longer be used
  display_name: deprecated
- id: todos
  description: Outstanding issues that needs resolution
  display_name: todos
  cardinality: multi
- id: notes
  description: editorial notes about an element intended primarily for internal consumption
  display_name: notes
  cardinality: multi
- id: comments
  description: notes and comments about an element intended primarily for external
    consumption
  display_name: comments
  cardinality: multi
- id: examples
  description: example usages of an element
  display_name: examples
  cardinality: multi
- id: in_subset
  description: used to indicate membership of a term in a defined subset of terms
    used for a particular domain or application.
  display_name: in_subset
  cardinality: multi
- id: from_schema
  description: id of the schema that defined the element
  display_name: from_schema
- id: imported_from
  description: the imports entry that this element was derived from.  Empty means
    primary source
  display_name: imported_from
- id: source
  description: A related resource from which the element is derived.
  display_name: source
- id: in_language
  description: the primary language used in the sources
  display_name: in_language
- id: see_also
  description: A list of related entities or URLs that may be of relevance
  display_name: see_also
  cardinality: multi
- id: deprecated_element_has_exact_replacement
  description: When an element is deprecated, it can be automatically replaced by
    this uri or curie
  display_name: deprecated element has exact replacement
- id: deprecated_element_has_possible_replacement
  description: When an element is deprecated, it can be potentially replaced by this
    uri or curie
  display_name: deprecated element has possible replacement
- id: aliases
  description: Alternate names/labels for the element. These do not alter the semantics
    of the schema, but may be useful to support search and alignment.
  display_name: aliases
  cardinality: multi
- id: structured_aliases
  description: A list of structured_alias objects, used to provide aliases in conjunction
    with additional metadata.
  display_name: structured_aliases
  cardinality: multi
- id: mappings
  description: A list of terms from different schemas or terminology systems that
    have comparable meaning. These may include terms that are precisely equivalent,
    broader or narrower in meaning, or otherwise semantically related but not equivalent
    from a strict ontological perspective.
  display_name: mappings
  cardinality: multi
- id: exact_mappings
  description: A list of terms from different schemas or terminology systems that
    have identical meaning.
  display_name: exact mappings
  cardinality: multi
- id: close_mappings
  description: A list of terms from different schemas or terminology systems that
    have close meaning.
  display_name: close mappings
  cardinality: multi
- id: related_mappings
  description: A list of terms from different schemas or terminology systems that
    have related meaning.
  display_name: related mappings
  cardinality: multi
- id: narrow_mappings
  description: A list of terms from different schemas or terminology systems that
    have narrower meaning.
  display_name: narrow mappings
  cardinality: multi
- id: broad_mappings
  description: A list of terms from different schemas or terminology systems that
    have broader meaning.
  display_name: broad mappings
  cardinality: multi
- id: created_by
  description: agent that created the element
  display_name: created_by
- id: contributors
  description: agent that contributed to the element
  display_name: contributors
  cardinality: multi
- id: created_on
  description: time at which the element was created
  display_name: created_on
- id: last_updated_on
  description: time at which the element was last updated
  display_name: last_updated_on
- id: modified_by
  description: agent that modified the element
  display_name: modified_by
- id: status
  description: status of the element
  display_name: status
- id: rank
  description: the relative order in which the element occurs, lower values are given
    precedence
  display_name: rank
- id: categories
  description: Controlled terms used to categorize an element.
  display_name: categories
  cardinality: multi
- id: keywords
  description: Keywords or tags used to describe the element
  display_name: keywords
  cardinality: multi
- id: typeof
  description: A parent type from which type properties are inherited
  display_name: typeof
- id: base
  description: python base type in the LinkML runtime that implements this type definition
  display_name: base
- id: uri
  description: The uri that defines the possible values for the type definition
  display_name: type_uri
- id: repr
  description: the name of the python object that implements this type definition
  display_name: repr
- id: union_of
  description: indicates that the domain element consists exactly of the members of
    the element in the range.
  display_name: type_definition_union_of
  cardinality: multi
- id: pattern
  description: the string value of the slot must conform to this regular expression
    expressed in the string
  display_name: pattern
- id: structured_pattern
  description: the string value of the slot must conform to the regular expression
    in the pattern expression
  display_name: structured_pattern
- id: unit
  description: an encoding of a unit
  display_name: unit
- id: implicit_prefix
  description: Causes the slot value to be interpreted as a uriorcurie after prefixing
    with this string
  display_name: implicit_prefix
- id: equals_string
  description: the slot must have range string and the value of the slot must equal
    the specified value
  display_name: equals_string
- id: equals_string_in
  description: the slot must have range string and the value of the slot must equal
    one of the specified values
  display_name: equals_string_in
  cardinality: multi
- id: equals_number
  description: the slot must have range of a number and the value of the slot must
    equal the specified value
  display_name: equals_number
- id: minimum_value
  description: for slots with ranges of type number, the value must be equal to or
    higher than this
  display_name: minimum_value
- id: maximum_value
  description: for slots with ranges of type number, the value must be equal to or
    lowe than this
  display_name: maximum_value
- id: none_of
  description: holds if none of the expressions hold
  display_name: type_expression_none_of
  cardinality: multi
- id: exactly_one_of
  description: holds if only one of the expressions hold
  display_name: type_expression_exactly_one_of
  cardinality: multi
- id: any_of
  description: holds if at least one of the expressions hold
  display_name: type_expression_any_of
  cardinality: multi
- id: all_of
  description: holds if all of the expressions hold
  display_name: type_expression_all_of
  cardinality: multi
