# metamodel_version: 1.7.0id: MedicalEvent
schema_generating: true
display_name: MedicalEvent
document_category: MedicalEvent
weight: 20
fields:
- id: started_at_time
  display_name: started at time
- id: ended_at_time
  display_name: ended at time
- id: is_current
  display_name: is current
- id: metadata
  description: Example of a slot that has an unconstrained range
  display_name: metadata
- id: in_location
  display_name: in location
- id: diagnosis
  display_name: diagnosis
- id: procedure
  display_name: procedure
