# metamodel_version: 1.7.0id: Relationship
schema_generating: true
display_name: Relationship
document_category: Relationship
weight: 20
fields:
- id: started_at_time
  display_name: started at time
- id: ended_at_time
  display_name: ended at time
- id: related_to
  display_name: related to
- id: type
  display_name: type
- id: cordialness
  display_name: Relationship_cordialness
